// Jest Snapshot v1, https://goo.gl/fbAQLP

exports[`App displays correct 1`] = `
<div>
  <div
    className="container"
  >
    <div
      className="universal-actions clearfix"
    >
      <div
        className="pull-left"
      >
        <Connect(NewRecordButtonContainer) />
      </div>
      <div
        className="pull-right"
      >
        <Connect(StatsContainer) />
      </div>
    </div>
    <Connect(RecordsContainer) />
  </div>
  <Connect(UpdateRecordModalContainer) />
</div>
`;
